Component: ARM Compiler 5.06 update 6 (build 750) Tool: armlink [4d35ed]

==============================================================================

Section Cross References

    main.o(i.NVIC_Configuration) refers to misc.o(i.NVIC_PriorityGroupConfig) for NVIC_PriorityGroupConfig
    main.o(i.main) refers to delay.o(i.delay_init) for delay_init
    main.o(i.main) refers to main.o(i.NVIC_Configuration) for NVIC_Configuration
    main.o(i.main) refers to oled.o(i.OLED_Init) for OLED_Init
    main.o(i.main) refers to oled.o(i.OLED_Clear) for OLED_Clear
    main.o(i.main) refers to delay.o(i.delay_ms) for delay_ms
    system_air32f10x.o(i.SetSysClock) refers to system_air32f10x.o(i.SetSysClockTo72) for SetSysClockTo72
    system_air32f10x.o(i.SystemCoreClockUpdate) refers to system_air32f10x.o(.data) for SystemCoreClock
    system_air32f10x.o(i.SystemInit) refers to system_air32f10x.o(i.SetSysClock) for SetSysClock
    oled.o(i.OLED_Clear) refers to aeabi_memset.o(.text) for __aeabi_memset
    oled.o(i.OLED_Clear) refers to rt_memclr.o(.text) for __aeabi_memclr
    oled.o(i.OLED_Clear) refers to oled.o(i.OLED_Display) for OLED_Display
    oled.o(i.OLED_Clear) refers to oled.o(.bss) for OLED_buffer
    oled.o(i.OLED_Display) refers to oled.o(i.OLED_WR_Byte) for OLED_WR_Byte
    oled.o(i.OLED_Display) refers to oled.o(.bss) for OLED_buffer
    oled.o(i.OLED_Display_Off) refers to oled.o(i.OLED_WR_Byte) for OLED_WR_Byte
    oled.o(i.OLED_Display_On) refers to oled.o(i.OLED_WR_Byte) for OLED_WR_Byte
    oled.o(i.OLED_Init) refers to spi.o(i.SPI2_Init) for SPI2_Init
    oled.o(i.OLED_Init) refers to oled.o(i.OLED_Init_GPIO) for OLED_Init_GPIO
    oled.o(i.OLED_Init) refers to delay.o(i.delay_ms) for delay_ms
    oled.o(i.OLED_Init) refers to oled.o(i.OLED_Reset) for OLED_Reset
    oled.o(i.OLED_Init) refers to oled.o(i.OLED_Display_Off) for OLED_Display_Off
    oled.o(i.OLED_Init) refers to oled.o(i.OLED_WR_Byte) for OLED_WR_Byte
    oled.o(i.OLED_Init) refers to oled.o(i.OLED_Display_On) for OLED_Display_On
    oled.o(i.OLED_Init_GPIO) refers to air32f10x_rcc.o(i.RCC_APB2PeriphClockCmd) for RCC_APB2PeriphClockCmd
    oled.o(i.OLED_Init_GPIO) refers to air32f10x_gpio.o(i.GPIO_Init) for GPIO_Init
    oled.o(i.OLED_Init_GPIO) refers to air32f10x_gpio.o(i.GPIO_SetBits) for GPIO_SetBits
    oled.o(i.OLED_Reset) refers to air32f10x_gpio.o(i.GPIO_SetBits) for GPIO_SetBits
    oled.o(i.OLED_Reset) refers to delay.o(i.delay_ms) for delay_ms
    oled.o(i.OLED_Reset) refers to air32f10x_gpio.o(i.GPIO_ResetBits) for GPIO_ResetBits
    oled.o(i.OLED_Set_Pixel) refers to oled.o(.bss) for OLED_buffer
    oled.o(i.OLED_Set_Pos) refers to oled.o(i.OLED_WR_Byte) for OLED_WR_Byte
    oled.o(i.OLED_WR_Byte) refers to air32f10x_gpio.o(i.GPIO_SetBits) for GPIO_SetBits
    oled.o(i.OLED_WR_Byte) refers to air32f10x_gpio.o(i.GPIO_ResetBits) for GPIO_ResetBits
    oled.o(i.OLED_WR_Byte) refers to spi.o(i.SPI_WriteByte) for SPI_WriteByte
    spi.o(i.SPI2_Init) refers to air32f10x_rcc.o(i.RCC_APB2PeriphClockCmd) for RCC_APB2PeriphClockCmd
    spi.o(i.SPI2_Init) refers to air32f10x_gpio.o(i.GPIO_Init) for GPIO_Init
    spi.o(i.SPI2_Init) refers to air32f10x_rcc.o(i.RCC_APB1PeriphClockCmd) for RCC_APB1PeriphClockCmd
    spi.o(i.SPI2_Init) refers to air32f10x_spi.o(i.SPI_Init) for SPI_Init
    spi.o(i.SPI2_Init) refers to air32f10x_spi.o(i.SPI_Cmd) for SPI_Cmd
    delay.o(i.delay_init) refers to air32f10x_rcc.o(i.RCC_GetClocksFreq) for RCC_GetClocksFreq
    delay.o(i.delay_init) refers to misc.o(i.SysTick_CLKSourceConfig) for SysTick_CLKSourceConfig
    delay.o(i.delay_init) refers to delay.o(.data) for UsNumber
    delay.o(i.delay_ms) refers to delay.o(.data) for MsNumber
    delay.o(i.delay_s) refers to delay.o(i.delay_ms) for delay_ms
    delay.o(i.delay_us) refers to delay.o(.data) for UsNumber
    startup_air32f10x.o(STACK) refers (Special) to heapauxi.o(.text) for __use_two_region_memory
    startup_air32f10x.o(HEAP) refers (Special) to heapauxi.o(.text) for __use_two_region_memory
    startup_air32f10x.o(RESET) refers (Special) to heapauxi.o(.text) for __use_two_region_memory
    startup_air32f10x.o(RESET) refers to startup_air32f10x.o(STACK) for __initial_sp
    startup_air32f10x.o(RESET) refers to startup_air32f10x.o(.text) for Reset_Handler
    startup_air32f10x.o(RESET) refers to air32f10x_it.o(i.NMI_Handler) for NMI_Handler
    startup_air32f10x.o(RESET) refers to air32f10x_it.o(i.HardFault_Handler) for HardFault_Handler
    startup_air32f10x.o(RESET) refers to air32f10x_it.o(i.MemManage_Handler) for MemManage_Handler
    startup_air32f10x.o(RESET) refers to air32f10x_it.o(i.BusFault_Handler) for BusFault_Handler
    startup_air32f10x.o(RESET) refers to air32f10x_it.o(i.UsageFault_Handler) for UsageFault_Handler
    startup_air32f10x.o(RESET) refers to air32f10x_it.o(i.SVC_Handler) for SVC_Handler
    startup_air32f10x.o(RESET) refers to air32f10x_it.o(i.DebugMon_Handler) for DebugMon_Handler
    startup_air32f10x.o(RESET) refers to air32f10x_it.o(i.PendSV_Handler) for PendSV_Handler
    startup_air32f10x.o(RESET) refers to air32f10x_it.o(i.SysTick_Handler) for SysTick_Handler
    startup_air32f10x.o(.text) refers (Special) to heapauxi.o(.text) for __use_two_region_memory
    startup_air32f10x.o(.text) refers to system_air32f10x.o(i.SystemInit) for SystemInit
    startup_air32f10x.o(.text) refers to __main.o(!!!main) for __main
    startup_air32f10x.o(.text) refers to startup_air32f10x.o(HEAP) for Heap_Mem
    startup_air32f10x.o(.text) refers to startup_air32f10x.o(STACK) for Stack_Mem
    air32f10x_rcc.o(i.RCC_GetClocksFreq) refers to air32f10x_rcc.o(.data) for APBAHBPrescTable
    air32f10x_rcc.o(i.RCC_WaitForHSEStartUp) refers to air32f10x_rcc.o(i.RCC_GetFlagStatus) for RCC_GetFlagStatus
    air32f10x_gpio.o(i.GPIO_AFIODeInit) refers to air32f10x_rcc.o(i.RCC_APB2PeriphResetCmd) for RCC_APB2PeriphResetCmd
    air32f10x_gpio.o(i.GPIO_DeInit) refers to air32f10x_rcc.o(i.RCC_APB2PeriphResetCmd) for RCC_APB2PeriphResetCmd
    air32f10x_usart.o(i.USART_DeInit) refers to air32f10x_rcc.o(i.RCC_APB2PeriphResetCmd) for RCC_APB2PeriphResetCmd
    air32f10x_usart.o(i.USART_DeInit) refers to air32f10x_rcc.o(i.RCC_APB1PeriphResetCmd) for RCC_APB1PeriphResetCmd
    air32f10x_usart.o(i.USART_Init) refers to air32f10x_rcc.o(i.RCC_GetClocksFreq) for RCC_GetClocksFreq
    air32f10x_spi.o(i.I2S_Init) refers to air32f10x_rcc.o(i.RCC_GetClocksFreq) for RCC_GetClocksFreq
    air32f10x_spi.o(i.SPI_I2S_DeInit) refers to air32f10x_rcc.o(i.RCC_APB2PeriphResetCmd) for RCC_APB2PeriphResetCmd
    air32f10x_spi.o(i.SPI_I2S_DeInit) refers to air32f10x_rcc.o(i.RCC_APB1PeriphResetCmd) for RCC_APB1PeriphResetCmd
    aeabi_memset.o(.text) refers to rt_memclr.o(.text) for _memset
    rt_memclr.o(.text) refers to rt_memclr_w.o(.text) for _memset_w
    __main.o(!!!main) refers to __rtentry.o(.ARM.Collect$$rtentry$$00000000) for __rt_entry
    __rtentry.o(.ARM.Collect$$rtentry$$00000000) refers (Special) to __rtentry2.o(.ARM.Collect$$rtentry$$0000000A) for __rt_entry_li
    __rtentry.o(.ARM.Collect$$rtentry$$00000000) refers (Special) to __rtentry2.o(.ARM.Collect$$rtentry$$0000000D) for __rt_entry_main
    __rtentry.o(.ARM.Collect$$rtentry$$00000000) refers (Special) to __rtentry2.o(.ARM.Collect$$rtentry$$0000000C) for __rt_entry_postli_1
    __rtentry.o(.ARM.Collect$$rtentry$$00000000) refers (Special) to __rtentry2.o(.ARM.Collect$$rtentry$$00000009) for __rt_entry_postsh_1
    __rtentry.o(.ARM.Collect$$rtentry$$00000000) refers (Special) to __rtentry2.o(.ARM.Collect$$rtentry$$00000002) for __rt_entry_presh_1
    __rtentry.o(.ARM.Collect$$rtentry$$00000000) refers (Special) to __rtentry4.o(.ARM.Collect$$rtentry$$00000004) for __rt_entry_sh
    __rtentry2.o(.ARM.Collect$$rtentry$$00000008) refers to boardinit2.o(.text) for _platform_post_stackheap_init
    __rtentry2.o(.ARM.Collect$$rtentry$$0000000A) refers to libinit.o(.ARM.Collect$$libinit$$00000000) for __rt_lib_init
    __rtentry2.o(.ARM.Collect$$rtentry$$0000000B) refers to boardinit3.o(.text) for _platform_post_lib_init
    __rtentry2.o(.ARM.Collect$$rtentry$$0000000D) refers to main.o(i.main) for main
    __rtentry2.o(.ARM.Collect$$rtentry$$0000000D) refers to exit.o(.text) for exit
    __rtentry2.o(.ARM.exidx) refers to __rtentry2.o(.ARM.Collect$$rtentry$$00000001) for .ARM.Collect$$rtentry$$00000001
    __rtentry2.o(.ARM.exidx) refers to __rtentry2.o(.ARM.Collect$$rtentry$$00000008) for .ARM.Collect$$rtentry$$00000008
    __rtentry2.o(.ARM.exidx) refers to __rtentry2.o(.ARM.Collect$$rtentry$$0000000A) for .ARM.Collect$$rtentry$$0000000A
    __rtentry2.o(.ARM.exidx) refers to __rtentry2.o(.ARM.Collect$$rtentry$$0000000B) for .ARM.Collect$$rtentry$$0000000B
    __rtentry2.o(.ARM.exidx) refers to __rtentry2.o(.ARM.Collect$$rtentry$$0000000D) for .ARM.Collect$$rtentry$$0000000D
    __rtentry4.o(.ARM.Collect$$rtentry$$00000004) refers to sys_stackheap_outer.o(.text) for __user_setup_stackheap
    __rtentry4.o(.ARM.exidx) refers to __rtentry4.o(.ARM.Collect$$rtentry$$00000004) for .ARM.Collect$$rtentry$$00000004
    sys_stackheap_outer.o(.text) refers to libspace.o(.text) for __user_perproc_libspace
    sys_stackheap_outer.o(.text) refers to startup_air32f10x.o(.text) for __user_initial_stackheap
    exit.o(.text) refers to rtexit.o(.ARM.Collect$$rtexit$$00000000) for __rt_exit
    libinit.o(.ARM.Collect$$libinit$$00000000) refers (Special) to libinit2.o(.ARM.Collect$$libinit$$0000002E) for __rt_lib_init_alloca_1
    libinit.o(.ARM.Collect$$libinit$$00000000) refers (Special) to libinit2.o(.ARM.Collect$$libinit$$0000002C) for __rt_lib_init_argv_1
    libinit.o(.ARM.Collect$$libinit$$00000000) refers (Special) to libinit2.o(.ARM.Collect$$libinit$$0000001B) for __rt_lib_init_atexit_1
    libinit.o(.ARM.Collect$$libinit$$00000000) refers (Special) to libinit2.o(.ARM.Collect$$libinit$$00000021) for __rt_lib_init_clock_1
    libinit.o(.ARM.Collect$$libinit$$00000000) refers (Special) to libinit2.o(.ARM.Collect$$libinit$$00000032) for __rt_lib_init_cpp_1
    libinit.o(.ARM.Collect$$libinit$$00000000) refers (Special) to libinit2.o(.ARM.Collect$$libinit$$00000030) for __rt_lib_init_exceptions_1
    libinit.o(.ARM.Collect$$libinit$$00000000) refers (Special) to libinit2.o(.ARM.Collect$$libinit$$00000002) for __rt_lib_init_fp_1
    libinit.o(.ARM.Collect$$libinit$$00000000) refers (Special) to libinit2.o(.ARM.Collect$$libinit$$0000001F) for __rt_lib_init_fp_trap_1
    libinit.o(.ARM.Collect$$libinit$$00000000) refers (Special) to libinit2.o(.ARM.Collect$$libinit$$00000023) for __rt_lib_init_getenv_1
    libinit.o(.ARM.Collect$$libinit$$00000000) refers (Special) to libinit2.o(.ARM.Collect$$libinit$$0000000A) for __rt_lib_init_heap_1
    libinit.o(.ARM.Collect$$libinit$$00000000) refers (Special) to libinit2.o(.ARM.Collect$$libinit$$00000011) for __rt_lib_init_lc_collate_1
    libinit.o(.ARM.Collect$$libinit$$00000000) refers (Special) to libinit2.o(.ARM.Collect$$libinit$$00000013) for __rt_lib_init_lc_ctype_1
    libinit.o(.ARM.Collect$$libinit$$00000000) refers (Special) to libinit2.o(.ARM.Collect$$libinit$$00000015) for __rt_lib_init_lc_monetary_1
    libinit.o(.ARM.Collect$$libinit$$00000000) refers (Special) to libinit2.o(.ARM.Collect$$libinit$$00000017) for __rt_lib_init_lc_numeric_1
    libinit.o(.ARM.Collect$$libinit$$00000000) refers (Special) to libinit2.o(.ARM.Collect$$libinit$$00000019) for __rt_lib_init_lc_time_1
    libinit.o(.ARM.Collect$$libinit$$00000000) refers (Special) to libinit2.o(.ARM.Collect$$libinit$$00000004) for __rt_lib_init_preinit_1
    libinit.o(.ARM.Collect$$libinit$$00000000) refers (Special) to libinit2.o(.ARM.Collect$$libinit$$0000000E) for __rt_lib_init_rand_1
    libinit.o(.ARM.Collect$$libinit$$00000000) refers (Special) to libinit2.o(.ARM.Collect$$libinit$$00000033) for __rt_lib_init_return
    libinit.o(.ARM.Collect$$libinit$$00000000) refers (Special) to libinit2.o(.ARM.Collect$$libinit$$0000001D) for __rt_lib_init_signal_1
    libinit.o(.ARM.Collect$$libinit$$00000000) refers (Special) to libinit2.o(.ARM.Collect$$libinit$$00000025) for __rt_lib_init_stdio_1
    libinit.o(.ARM.Collect$$libinit$$00000000) refers (Special) to libinit2.o(.ARM.Collect$$libinit$$0000000C) for __rt_lib_init_user_alloc_1
    libspace.o(.text) refers to libspace.o(.bss) for __libspace_start
    rtexit.o(.ARM.Collect$$rtexit$$00000000) refers (Special) to rtexit2.o(.ARM.Collect$$rtexit$$00000004) for __rt_exit_exit
    rtexit.o(.ARM.Collect$$rtexit$$00000000) refers (Special) to rtexit2.o(.ARM.Collect$$rtexit$$00000003) for __rt_exit_ls
    rtexit.o(.ARM.Collect$$rtexit$$00000000) refers (Special) to rtexit2.o(.ARM.Collect$$rtexit$$00000002) for __rt_exit_prels_1
    rtexit.o(.ARM.exidx) refers (Special) to rtexit2.o(.ARM.Collect$$rtexit$$00000004) for __rt_exit_exit
    rtexit.o(.ARM.exidx) refers (Special) to rtexit2.o(.ARM.Collect$$rtexit$$00000003) for __rt_exit_ls
    rtexit.o(.ARM.exidx) refers (Special) to rtexit2.o(.ARM.Collect$$rtexit$$00000002) for __rt_exit_prels_1
    rtexit.o(.ARM.exidx) refers to rtexit.o(.ARM.Collect$$rtexit$$00000000) for .ARM.Collect$$rtexit$$00000000
    libinit2.o(.ARM.Collect$$libinit$$00000010) refers to libinit2.o(.ARM.Collect$$libinit$$0000000F) for .ARM.Collect$$libinit$$0000000F
    libinit2.o(.ARM.Collect$$libinit$$00000012) refers to libinit2.o(.ARM.Collect$$libinit$$0000000F) for .ARM.Collect$$libinit$$0000000F
    libinit2.o(.ARM.Collect$$libinit$$00000014) refers to libinit2.o(.ARM.Collect$$libinit$$0000000F) for .ARM.Collect$$libinit$$0000000F
    libinit2.o(.ARM.Collect$$libinit$$00000016) refers to libinit2.o(.ARM.Collect$$libinit$$0000000F) for .ARM.Collect$$libinit$$0000000F
    libinit2.o(.ARM.Collect$$libinit$$00000018) refers to libinit2.o(.ARM.Collect$$libinit$$0000000F) for .ARM.Collect$$libinit$$0000000F
    libinit2.o(.ARM.Collect$$libinit$$00000026) refers to argv_veneer.o(.emb_text) for __ARM_argv_veneer
    libinit2.o(.ARM.Collect$$libinit$$00000027) refers to argv_veneer.o(.emb_text) for __ARM_argv_veneer
    rtexit2.o(.ARM.Collect$$rtexit$$00000003) refers to libshutdown.o(.ARM.Collect$$libshutdown$$00000000) for __rt_lib_shutdown
    rtexit2.o(.ARM.Collect$$rtexit$$00000004) refers to sys_exit.o(.text) for _sys_exit
    rtexit2.o(.ARM.exidx) refers to rtexit2.o(.ARM.Collect$$rtexit$$00000001) for .ARM.Collect$$rtexit$$00000001
    rtexit2.o(.ARM.exidx) refers to rtexit2.o(.ARM.Collect$$rtexit$$00000003) for .ARM.Collect$$rtexit$$00000003
    rtexit2.o(.ARM.exidx) refers to rtexit2.o(.ARM.Collect$$rtexit$$00000004) for .ARM.Collect$$rtexit$$00000004
    argv_veneer.o(.emb_text) refers to no_argv.o(.text) for __ARM_get_argv
    sys_exit.o(.text) refers (Special) to use_no_semi.o(.text) for __I$use$semihosting
    sys_exit.o(.text) refers (Special) to indicate_semi.o(.text) for __semihosting_library_function
    _get_argv_nomalloc.o(.text) refers (Special) to hrguard.o(.text) for __heap_region$guard
    _get_argv_nomalloc.o(.text) refers to defsig_rtmem_outer.o(.text) for __rt_SIGRTMEM
    _get_argv_nomalloc.o(.text) refers to sys_command.o(.text) for _sys_command_string
    libshutdown.o(.ARM.Collect$$libshutdown$$00000000) refers (Special) to libshutdown2.o(.ARM.Collect$$libshutdown$$00000002) for __rt_lib_shutdown_cpp_1
    libshutdown.o(.ARM.Collect$$libshutdown$$00000000) refers (Special) to libshutdown2.o(.ARM.Collect$$libshutdown$$00000007) for __rt_lib_shutdown_fp_trap_1
    libshutdown.o(.ARM.Collect$$libshutdown$$00000000) refers (Special) to libshutdown2.o(.ARM.Collect$$libshutdown$$0000000F) for __rt_lib_shutdown_heap_1
    libshutdown.o(.ARM.Collect$$libshutdown$$00000000) refers (Special) to libshutdown2.o(.ARM.Collect$$libshutdown$$00000010) for __rt_lib_shutdown_return
    libshutdown.o(.ARM.Collect$$libshutdown$$00000000) refers (Special) to libshutdown2.o(.ARM.Collect$$libshutdown$$0000000A) for __rt_lib_shutdown_signal_1
    libshutdown.o(.ARM.Collect$$libshutdown$$00000000) refers (Special) to libshutdown2.o(.ARM.Collect$$libshutdown$$00000004) for __rt_lib_shutdown_stdio_1
    libshutdown.o(.ARM.Collect$$libshutdown$$00000000) refers (Special) to libshutdown2.o(.ARM.Collect$$libshutdown$$0000000C) for __rt_lib_shutdown_user_alloc_1
    sys_command.o(.text) refers (Special) to use_no_semi.o(.text) for __I$use$semihosting
    sys_command.o(.text) refers (Special) to indicate_semi.o(.text) for __semihosting_library_function
    defsig_rtmem_outer.o(.text) refers to defsig_rtmem_inner.o(.text) for __rt_SIGRTMEM_inner
    defsig_rtmem_outer.o(.text) refers to defsig_exit.o(.text) for __sig_exit
    defsig_rtmem_formal.o(.text) refers to rt_raise.o(.text) for __rt_raise
    rt_raise.o(.text) refers to __raise.o(.text) for __raise
    rt_raise.o(.text) refers to sys_exit.o(.text) for _sys_exit
    defsig_exit.o(.text) refers to sys_exit.o(.text) for _sys_exit
    defsig_rtmem_inner.o(.text) refers to defsig_general.o(.text) for __default_signal_display
    __raise.o(.text) refers to defsig.o(CL$$defsig) for __default_signal_handler
    defsig_general.o(.text) refers to sys_wrch.o(.text) for _ttywrch
    sys_wrch.o(.text) refers (Special) to use_no_semi.o(.text) for __I$use$semihosting
    sys_wrch.o(.text) refers (Special) to indicate_semi.o(.text) for __semihosting_library_function
    defsig.o(CL$$defsig) refers to defsig_rtmem_inner.o(.text) for __rt_SIGRTMEM_inner
    defsig_abrt_inner.o(.text) refers to defsig_general.o(.text) for __default_signal_display
    defsig_fpe_inner.o(.text) refers to defsig_general.o(.text) for __default_signal_display
    defsig_rtred_inner.o(.text) refers to defsig_general.o(.text) for __default_signal_display
    defsig_stak_inner.o(.text) refers to defsig_general.o(.text) for __default_signal_display
    defsig_pvfn_inner.o(.text) refers to defsig_general.o(.text) for __default_signal_display
    defsig_cppl_inner.o(.text) refers to defsig_general.o(.text) for __default_signal_display
    defsig_segv_inner.o(.text) refers to defsig_general.o(.text) for __default_signal_display
    defsig_other.o(.text) refers to defsig_general.o(.text) for __default_signal_display


==============================================================================

Removing Unused input sections from the image.

    Removing main.o(.rev16_text), (4 bytes).
    Removing main.o(.revsh_text), (4 bytes).
    Removing main.o(.rrx_text), (6 bytes).
    Removing air32f10x_it.o(.rev16_text), (4 bytes).
    Removing air32f10x_it.o(.revsh_text), (4 bytes).
    Removing air32f10x_it.o(.rrx_text), (6 bytes).
    Removing system_air32f10x.o(.rev16_text), (4 bytes).
    Removing system_air32f10x.o(.revsh_text), (4 bytes).
    Removing system_air32f10x.o(.rrx_text), (6 bytes).
    Removing system_air32f10x.o(i.SystemCoreClockUpdate), (164 bytes).
    Removing system_air32f10x.o(.data), (20 bytes).
    Removing oled.o(.rev16_text), (4 bytes).
    Removing oled.o(.revsh_text), (4 bytes).
    Removing oled.o(.rrx_text), (6 bytes).
    Removing oled.o(i.OLED_Set_Pixel), (128 bytes).
    Removing oled.o(i.OLED_Set_Pos), (56 bytes).
    Removing spi.o(.rev16_text), (4 bytes).
    Removing spi.o(.revsh_text), (4 bytes).
    Removing spi.o(.rrx_text), (6 bytes).
    Removing spi.o(i.SPI_SendData), (50 bytes).
    Removing spi.o(i.SPI_SetSpeed), (38 bytes).
    Removing delay.o(.rev16_text), (4 bytes).
    Removing delay.o(.revsh_text), (4 bytes).
    Removing delay.o(.rrx_text), (6 bytes).
    Removing delay.o(i.delay_s), (38 bytes).
    Removing delay.o(i.delay_us), (76 bytes).
    Removing misc.o(.rev16_text), (4 bytes).
    Removing misc.o(.revsh_text), (4 bytes).
    Removing misc.o(.rrx_text), (6 bytes).
    Removing misc.o(i.NVIC_Init), (112 bytes).
    Removing misc.o(i.NVIC_SetVectorTable), (20 bytes).
    Removing misc.o(i.NVIC_SystemLPConfig), (32 bytes).
    Removing air32f10x_rcc.o(.rev16_text), (4 bytes).
    Removing air32f10x_rcc.o(.revsh_text), (4 bytes).
    Removing air32f10x_rcc.o(.rrx_text), (6 bytes).
    Removing air32f10x_rcc.o(i.RCC_ADCCLKConfig), (28 bytes).
    Removing air32f10x_rcc.o(i.RCC_AHBPeriphClockCmd), (32 bytes).
    Removing air32f10x_rcc.o(i.RCC_APB1PeriphResetCmd), (32 bytes).
    Removing air32f10x_rcc.o(i.RCC_APB2PeriphResetCmd), (32 bytes).
    Removing air32f10x_rcc.o(i.RCC_AdjustHSICalibrationValue), (24 bytes).
    Removing air32f10x_rcc.o(i.RCC_BackupResetCmd), (12 bytes).
    Removing air32f10x_rcc.o(i.RCC_ClearFlag), (20 bytes).
    Removing air32f10x_rcc.o(i.RCC_ClearITPendingBit), (12 bytes).
    Removing air32f10x_rcc.o(i.RCC_ClockSecuritySystemCmd), (12 bytes).
    Removing air32f10x_rcc.o(i.RCC_DeInit), (76 bytes).
    Removing air32f10x_rcc.o(i.RCC_GetFlagStatus), (60 bytes).
    Removing air32f10x_rcc.o(i.RCC_GetITStatus), (24 bytes).
    Removing air32f10x_rcc.o(i.RCC_GetSYSCLKSource), (16 bytes).
    Removing air32f10x_rcc.o(i.RCC_HCLKConfig), (24 bytes).
    Removing air32f10x_rcc.o(i.RCC_HSEConfig), (76 bytes).
    Removing air32f10x_rcc.o(i.RCC_HSICmd), (12 bytes).
    Removing air32f10x_rcc.o(i.RCC_ITConfig), (32 bytes).
    Removing air32f10x_rcc.o(i.RCC_LSEConfig), (52 bytes).
    Removing air32f10x_rcc.o(i.RCC_LSICmd), (12 bytes).
    Removing air32f10x_rcc.o(i.RCC_MCOConfig), (28 bytes).
    Removing air32f10x_rcc.o(i.RCC_PCLK1Config), (24 bytes).
    Removing air32f10x_rcc.o(i.RCC_PCLK2Config), (24 bytes).
    Removing air32f10x_rcc.o(i.RCC_PLLCmd), (12 bytes).
    Removing air32f10x_rcc.o(i.RCC_PLLConfig), (28 bytes).
    Removing air32f10x_rcc.o(i.RCC_RTCCLKCmd), (12 bytes).
    Removing air32f10x_rcc.o(i.RCC_RTCCLKConfig), (16 bytes).
    Removing air32f10x_rcc.o(i.RCC_SYSCLKConfig), (24 bytes).
    Removing air32f10x_rcc.o(i.RCC_USBCLKConfig), (32 bytes).
    Removing air32f10x_rcc.o(i.RCC_WaitForHSEStartUp), (56 bytes).
    Removing air32f10x_gpio.o(.rev16_text), (4 bytes).
    Removing air32f10x_gpio.o(.revsh_text), (4 bytes).
    Removing air32f10x_gpio.o(.rrx_text), (6 bytes).
    Removing air32f10x_gpio.o(i.GPIO_AFIODeInit), (20 bytes).
    Removing air32f10x_gpio.o(i.GPIO_DeInit), (200 bytes).
    Removing air32f10x_gpio.o(i.GPIO_ETH_MediaInterfaceConfig), (12 bytes).
    Removing air32f10x_gpio.o(i.GPIO_EXTILineConfig), (64 bytes).
    Removing air32f10x_gpio.o(i.GPIO_EventOutputCmd), (12 bytes).
    Removing air32f10x_gpio.o(i.GPIO_EventOutputConfig), (32 bytes).
    Removing air32f10x_gpio.o(i.GPIO_ForceDropDownConfig), (14 bytes).
    Removing air32f10x_gpio.o(i.GPIO_ForcePuPdCmd), (18 bytes).
    Removing air32f10x_gpio.o(i.GPIO_ForcePullUpConfig), (8 bytes).
    Removing air32f10x_gpio.o(i.GPIO_PinLockConfig), (18 bytes).
    Removing air32f10x_gpio.o(i.GPIO_PinRemapConfig), (144 bytes).
    Removing air32f10x_gpio.o(i.GPIO_ReadInputData), (8 bytes).
    Removing air32f10x_gpio.o(i.GPIO_ReadInputDataBit), (18 bytes).
    Removing air32f10x_gpio.o(i.GPIO_ReadOutputData), (8 bytes).
    Removing air32f10x_gpio.o(i.GPIO_ReadOutputDataBit), (18 bytes).
    Removing air32f10x_gpio.o(i.GPIO_StructInit), (16 bytes).
    Removing air32f10x_gpio.o(i.GPIO_Write), (4 bytes).
    Removing air32f10x_gpio.o(i.GPIO_WriteBit), (10 bytes).
    Removing air32f10x_usart.o(.rev16_text), (4 bytes).
    Removing air32f10x_usart.o(.revsh_text), (4 bytes).
    Removing air32f10x_usart.o(.rrx_text), (6 bytes).
    Removing air32f10x_usart.o(i.USART_ClearFlag), (18 bytes).
    Removing air32f10x_usart.o(i.USART_ClearITPendingBit), (30 bytes).
    Removing air32f10x_usart.o(i.USART_ClockInit), (34 bytes).
    Removing air32f10x_usart.o(i.USART_ClockStructInit), (12 bytes).
    Removing air32f10x_usart.o(i.USART_Cmd), (24 bytes).
    Removing air32f10x_usart.o(i.USART_DMACmd), (18 bytes).
    Removing air32f10x_usart.o(i.USART_DeInit), (156 bytes).
    Removing air32f10x_usart.o(i.USART_GetFlagStatus), (26 bytes).
    Removing air32f10x_usart.o(i.USART_GetITStatus), (84 bytes).
    Removing air32f10x_usart.o(i.USART_HalfDuplexCmd), (24 bytes).
    Removing air32f10x_usart.o(i.USART_ITConfig), (74 bytes).
    Removing air32f10x_usart.o(i.USART_Init), (236 bytes).
    Removing air32f10x_usart.o(i.USART_IrDACmd), (24 bytes).
    Removing air32f10x_usart.o(i.USART_IrDAConfig), (18 bytes).
    Removing air32f10x_usart.o(i.USART_LINBreakDetectLengthConfig), (18 bytes).
    Removing air32f10x_usart.o(i.USART_LINCmd), (24 bytes).
    Removing air32f10x_usart.o(i.USART_OneBitMethodCmd), (24 bytes).
    Removing air32f10x_usart.o(i.USART_OverSampling8Cmd), (22 bytes).
    Removing air32f10x_usart.o(i.USART_ReceiveData), (10 bytes).
    Removing air32f10x_usart.o(i.USART_ReceiverWakeUpCmd), (24 bytes).
    Removing air32f10x_usart.o(i.USART_SendBreak), (10 bytes).
    Removing air32f10x_usart.o(i.USART_SendData), (8 bytes).
    Removing air32f10x_usart.o(i.USART_SetAddress), (18 bytes).
    Removing air32f10x_usart.o(i.USART_SetGuardTime), (16 bytes).
    Removing air32f10x_usart.o(i.USART_SetPrescaler), (16 bytes).
    Removing air32f10x_usart.o(i.USART_SmartCardCmd), (24 bytes).
    Removing air32f10x_usart.o(i.USART_SmartCardNACKCmd), (24 bytes).
    Removing air32f10x_usart.o(i.USART_StructInit), (24 bytes).
    Removing air32f10x_usart.o(i.USART_WakeUpConfig), (18 bytes).
    Removing air32f10x_dma.o(.rev16_text), (4 bytes).
    Removing air32f10x_dma.o(.revsh_text), (4 bytes).
    Removing air32f10x_dma.o(.rrx_text), (6 bytes).
    Removing air32f10x_dma.o(i.DMA_ClearFlag), (28 bytes).
    Removing air32f10x_dma.o(i.DMA_ClearITPendingBit), (28 bytes).
    Removing air32f10x_dma.o(i.DMA_Cmd), (24 bytes).
    Removing air32f10x_dma.o(i.DMA_DeInit), (332 bytes).
    Removing air32f10x_dma.o(i.DMA_GetCurrDataCounter), (8 bytes).
    Removing air32f10x_dma.o(i.DMA_GetFlagStatus), (44 bytes).
    Removing air32f10x_dma.o(i.DMA_GetITStatus), (44 bytes).
    Removing air32f10x_dma.o(i.DMA_ITConfig), (18 bytes).
    Removing air32f10x_dma.o(i.DMA_Init), (60 bytes).
    Removing air32f10x_dma.o(i.DMA_SetCurrDataCounter), (4 bytes).
    Removing air32f10x_dma.o(i.DMA_StructInit), (26 bytes).
    Removing air32f10x_spi.o(.rev16_text), (4 bytes).
    Removing air32f10x_spi.o(.revsh_text), (4 bytes).
    Removing air32f10x_spi.o(.rrx_text), (6 bytes).
    Removing air32f10x_spi.o(i.I2S_Cmd), (24 bytes).
    Removing air32f10x_spi.o(i.I2S_Init), (232 bytes).
    Removing air32f10x_spi.o(i.I2S_StructInit), (20 bytes).
    Removing air32f10x_spi.o(i.SPI_BiDirectionalLineConfig), (28 bytes).
    Removing air32f10x_spi.o(i.SPI_CalculateCRC), (24 bytes).
    Removing air32f10x_spi.o(i.SPI_DataSizeConfig), (18 bytes).
    Removing air32f10x_spi.o(i.SPI_GetCRC), (16 bytes).
    Removing air32f10x_spi.o(i.SPI_GetCRCPolynomial), (6 bytes).
    Removing air32f10x_spi.o(i.SPI_I2S_ClearFlag), (6 bytes).
    Removing air32f10x_spi.o(i.SPI_I2S_ClearITPendingBit), (20 bytes).
    Removing air32f10x_spi.o(i.SPI_I2S_DMACmd), (18 bytes).
    Removing air32f10x_spi.o(i.SPI_I2S_DeInit), (88 bytes).
    Removing air32f10x_spi.o(i.SPI_I2S_GetFlagStatus), (18 bytes).
    Removing air32f10x_spi.o(i.SPI_I2S_GetITStatus), (52 bytes).
    Removing air32f10x_spi.o(i.SPI_I2S_ITConfig), (32 bytes).
    Removing air32f10x_spi.o(i.SPI_I2S_ReceiveData), (6 bytes).
    Removing air32f10x_spi.o(i.SPI_I2S_SendData), (4 bytes).
    Removing air32f10x_spi.o(i.SPI_NSSInternalSoftwareConfig), (30 bytes).
    Removing air32f10x_spi.o(i.SPI_SSOutputCmd), (24 bytes).
    Removing air32f10x_spi.o(i.SPI_StructInit), (24 bytes).
    Removing air32f10x_spi.o(i.SPI_TransmitCRC), (10 bytes).

155 unused section(s) (total 4744 bytes) removed from the image.

==============================================================================

Image Symbol Table

    Local Symbols

    Symbol Name                              Value     Ov Type        Size  Object(Section)

    ../clib/angel/boardlib.s                 0x00000000   Number         0  boardinit3.o ABSOLUTE
    ../clib/angel/boardlib.s                 0x00000000   Number         0  boardinit1.o ABSOLUTE
    ../clib/angel/boardlib.s                 0x00000000   Number         0  boardinit2.o ABSOLUTE
    ../clib/angel/boardlib.s                 0x00000000   Number         0  boardshut.o ABSOLUTE
    ../clib/angel/handlers.s                 0x00000000   Number         0  __scatter_copy.o ABSOLUTE
    ../clib/angel/handlers.s                 0x00000000   Number         0  __scatter_zi.o ABSOLUTE
    ../clib/angel/kernel.s                   0x00000000   Number         0  __rtentry2.o ABSOLUTE
    ../clib/angel/kernel.s                   0x00000000   Number         0  rtexit.o ABSOLUTE
    ../clib/angel/kernel.s                   0x00000000   Number         0  __rtentry.o ABSOLUTE
    ../clib/angel/kernel.s                   0x00000000   Number         0  __rtentry4.o ABSOLUTE
    ../clib/angel/kernel.s                   0x00000000   Number         0  rtexit2.o ABSOLUTE
    ../clib/angel/rt.s                       0x00000000   Number         0  rt_raise.o ABSOLUTE
    ../clib/angel/scatter.s                  0x00000000   Number         0  __scatter.o ABSOLUTE
    ../clib/angel/startup.s                  0x00000000   Number         0  __main.o ABSOLUTE
    ../clib/angel/sys.s                      0x00000000   Number         0  use_no_semi.o ABSOLUTE
    ../clib/angel/sys.s                      0x00000000   Number         0  sys_stackheap_outer.o ABSOLUTE
    ../clib/angel/sys.s                      0x00000000   Number         0  libspace.o ABSOLUTE
    ../clib/angel/sys.s                      0x00000000   Number         0  indicate_semi.o ABSOLUTE
    ../clib/angel/sysapp.c                   0x00000000   Number         0  sys_command.o ABSOLUTE
    ../clib/angel/sysapp.c                   0x00000000   Number         0  sys_exit.o ABSOLUTE
    ../clib/angel/sysapp.c                   0x00000000   Number         0  sys_wrch.o ABSOLUTE
    ../clib/armsys.c                         0x00000000   Number         0  _get_argv_nomalloc.o ABSOLUTE
    ../clib/armsys.c                         0x00000000   Number         0  no_argv.o ABSOLUTE
    ../clib/armsys.c                         0x00000000   Number         0  argv_veneer.o ABSOLUTE
    ../clib/armsys.c                         0x00000000   Number         0  argv_veneer.o ABSOLUTE
    ../clib/heapalloc.c                      0x00000000   Number         0  hrguard.o ABSOLUTE
    ../clib/heapaux.c                        0x00000000   Number         0  heapauxi.o ABSOLUTE
    ../clib/libinit.s                        0x00000000   Number         0  libshutdown2.o ABSOLUTE
    ../clib/libinit.s                        0x00000000   Number         0  libshutdown.o ABSOLUTE
    ../clib/libinit.s                        0x00000000   Number         0  libinit.o ABSOLUTE
    ../clib/libinit.s                        0x00000000   Number         0  libinit2.o ABSOLUTE
    ../clib/memcpset.s                       0x00000000   Number         0  rt_memclr.o ABSOLUTE
    ../clib/memcpset.s                       0x00000000   Number         0  aeabi_memset.o ABSOLUTE
    ../clib/memcpset.s                       0x00000000   Number         0  rt_memclr_w.o ABSOLUTE
    ../clib/signal.c                         0x00000000   Number         0  defsig_rtmem_formal.o ABSOLUTE
    ../clib/signal.c                         0x00000000   Number         0  defsig_fpe_inner.o ABSOLUTE
    ../clib/signal.c                         0x00000000   Number         0  defsig_general.o ABSOLUTE
    ../clib/signal.c                         0x00000000   Number         0  defsig_rtmem_outer.o ABSOLUTE
    ../clib/signal.c                         0x00000000   Number         0  defsig_stak_inner.o ABSOLUTE
    ../clib/signal.c                         0x00000000   Number         0  defsig_pvfn_inner.o ABSOLUTE
    ../clib/signal.c                         0x00000000   Number         0  defsig_cppl_inner.o ABSOLUTE
    ../clib/signal.c                         0x00000000   Number         0  defsig_segv_inner.o ABSOLUTE
    ../clib/signal.c                         0x00000000   Number         0  defsig_other.o ABSOLUTE
    ../clib/signal.c                         0x00000000   Number         0  defsig_rtmem_inner.o ABSOLUTE
    ../clib/signal.c                         0x00000000   Number         0  __raise.o ABSOLUTE
    ../clib/signal.c                         0x00000000   Number         0  defsig_exit.o ABSOLUTE
    ../clib/signal.c                         0x00000000   Number         0  defsig_abrt_inner.o ABSOLUTE
    ../clib/signal.c                         0x00000000   Number         0  defsig_rtred_inner.o ABSOLUTE
    ../clib/signal.s                         0x00000000   Number         0  defsig.o ABSOLUTE
    ../clib/stdlib.c                         0x00000000   Number         0  exit.o ABSOLUTE
    ../fplib/fpinit.s                        0x00000000   Number         0  fpinit.o ABSOLUTE
    ..\..\..\..\Libraries\AIR32F10xLib\src\air32f10x_dma.c 0x00000000   Number         0  air32f10x_dma.o ABSOLUTE
    ..\..\..\..\Libraries\AIR32F10xLib\src\air32f10x_gpio.c 0x00000000   Number         0  air32f10x_gpio.o ABSOLUTE
    ..\..\..\..\Libraries\AIR32F10xLib\src\air32f10x_rcc.c 0x00000000   Number         0  air32f10x_rcc.o ABSOLUTE
    ..\..\..\..\Libraries\AIR32F10xLib\src\air32f10x_spi.c 0x00000000   Number         0  air32f10x_spi.o ABSOLUTE
    ..\..\..\..\Libraries\AIR32F10xLib\src\air32f10x_usart.c 0x00000000   Number         0  air32f10x_usart.o ABSOLUTE
    ..\..\..\..\Libraries\AIR32F10xLib\src\misc.c 0x00000000   Number         0  misc.o ABSOLUTE
    ..\..\..\..\Libraries\AIR32F10xLib\src\system_air32f10x.c 0x00000000   Number         0  system_air32f10x.o ABSOLUTE
    ..\..\..\..\Libraries\STARTUP\arm\startup_air32f10x.s 0x00000000   Number         0  startup_air32f10x.o ABSOLUTE
    ..\HARDWARE\oled.c                       0x00000000   Number         0  oled.o ABSOLUTE
    ..\HARDWARE\spi.c                        0x00000000   Number         0  spi.o ABSOLUTE
    ..\SYSTEM\delay\delay.c                  0x00000000   Number         0  delay.o ABSOLUTE
    ..\\..\\..\\..\\Libraries\\AIR32F10xLib\\src\\air32f10x_dma.c 0x00000000   Number         0  air32f10x_dma.o ABSOLUTE
    ..\\..\\..\\..\\Libraries\\AIR32F10xLib\\src\\air32f10x_gpio.c 0x00000000   Number         0  air32f10x_gpio.o ABSOLUTE
    ..\\..\\..\\..\\Libraries\\AIR32F10xLib\\src\\air32f10x_rcc.c 0x00000000   Number         0  air32f10x_rcc.o ABSOLUTE
    ..\\..\\..\\..\\Libraries\\AIR32F10xLib\\src\\air32f10x_spi.c 0x00000000   Number         0  air32f10x_spi.o ABSOLUTE
    ..\\..\\..\\..\\Libraries\\AIR32F10xLib\\src\\air32f10x_usart.c 0x00000000   Number         0  air32f10x_usart.o ABSOLUTE
    ..\\..\\..\\..\\Libraries\\AIR32F10xLib\\src\\misc.c 0x00000000   Number         0  misc.o ABSOLUTE
    ..\\..\\..\\..\\Libraries\\AIR32F10xLib\\src\\system_air32f10x.c 0x00000000   Number         0  system_air32f10x.o ABSOLUTE
    ..\\HARDWARE\\oled.c                     0x00000000   Number         0  oled.o ABSOLUTE
    ..\\HARDWARE\\spi.c                      0x00000000   Number         0  spi.o ABSOLUTE
    ..\\SYSTEM\\delay\\delay.c               0x00000000   Number         0  delay.o ABSOLUTE
    air32f10x_it.c                           0x00000000   Number         0  air32f10x_it.o ABSOLUTE
    air32f10x_it.c                           0x00000000   Number         0  air32f10x_it.o ABSOLUTE
    dc.s                                     0x00000000   Number         0  dc.o ABSOLUTE
    main.c                                   0x00000000   Number         0  main.o ABSOLUTE
    main.c                                   0x00000000   Number         0  main.o ABSOLUTE
    RESET                                    0x08000000   Section      544  startup_air32f10x.o(RESET)
    !!!main                                  0x08000220   Section        8  __main.o(!!!main)
    !!!scatter                               0x08000228   Section       52  __scatter.o(!!!scatter)
    !!handler_copy                           0x0800025c   Section       26  __scatter_copy.o(!!handler_copy)
    !!handler_zi                             0x08000278   Section       28  __scatter_zi.o(!!handler_zi)
    .ARM.Collect$$libinit$$00000000          0x08000294   Section        2  libinit.o(.ARM.Collect$$libinit$$00000000)
    .ARM.Collect$$libinit$$00000002          0x08000296   Section        0  libinit2.o(.ARM.Collect$$libinit$$00000002)
    .ARM.Collect$$libinit$$00000004          0x08000296   Section        0  libinit2.o(.ARM.Collect$$libinit$$00000004)
    .ARM.Collect$$libinit$$0000000A          0x08000296   Section        0  libinit2.o(.ARM.Collect$$libinit$$0000000A)
    .ARM.Collect$$libinit$$0000000C          0x08000296   Section        0  libinit2.o(.ARM.Collect$$libinit$$0000000C)
    .ARM.Collect$$libinit$$0000000E          0x08000296   Section        0  libinit2.o(.ARM.Collect$$libinit$$0000000E)
    .ARM.Collect$$libinit$$00000011          0x08000296   Section        0  libinit2.o(.ARM.Collect$$libinit$$00000011)
    .ARM.Collect$$libinit$$00000013          0x08000296   Section        0  libinit2.o(.ARM.Collect$$libinit$$00000013)
    .ARM.Collect$$libinit$$00000015          0x08000296   Section        0  libinit2.o(.ARM.Collect$$libinit$$00000015)
    .ARM.Collect$$libinit$$00000017          0x08000296   Section        0  libinit2.o(.ARM.Collect$$libinit$$00000017)
    .ARM.Collect$$libinit$$00000019          0x08000296   Section        0  libinit2.o(.ARM.Collect$$libinit$$00000019)
    .ARM.Collect$$libinit$$0000001B          0x08000296   Section        0  libinit2.o(.ARM.Collect$$libinit$$0000001B)
    .ARM.Collect$$libinit$$0000001D          0x08000296   Section        0  libinit2.o(.ARM.Collect$$libinit$$0000001D)
    .ARM.Collect$$libinit$$0000001F          0x08000296   Section        0  libinit2.o(.ARM.Collect$$libinit$$0000001F)
    .ARM.Collect$$libinit$$00000021          0x08000296   Section        0  libinit2.o(.ARM.Collect$$libinit$$00000021)
    .ARM.Collect$$libinit$$00000023          0x08000296   Section        0  libinit2.o(.ARM.Collect$$libinit$$00000023)
    .ARM.Collect$$libinit$$00000025          0x08000296   Section        0  libinit2.o(.ARM.Collect$$libinit$$00000025)
    .ARM.Collect$$libinit$$0000002C          0x08000296   Section        0  libinit2.o(.ARM.Collect$$libinit$$0000002C)
    .ARM.Collect$$libinit$$0000002E          0x08000296   Section        0  libinit2.o(.ARM.Collect$$libinit$$0000002E)
    .ARM.Collect$$libinit$$00000030          0x08000296   Section        0  libinit2.o(.ARM.Collect$$libinit$$00000030)
    .ARM.Collect$$libinit$$00000032          0x08000296   Section        0  libinit2.o(.ARM.Collect$$libinit$$00000032)
    .ARM.Collect$$libinit$$00000033          0x08000296   Section        2  libinit2.o(.ARM.Collect$$libinit$$00000033)
    .ARM.Collect$$libshutdown$$00000000      0x08000298   Section        2  libshutdown.o(.ARM.Collect$$libshutdown$$00000000)
    .ARM.Collect$$libshutdown$$00000002      0x0800029a   Section        0  libshutdown2.o(.ARM.Collect$$libshutdown$$00000002)
    .ARM.Collect$$libshutdown$$00000004      0x0800029a   Section        0  libshutdown2.o(.ARM.Collect$$libshutdown$$00000004)
    .ARM.Collect$$libshutdown$$00000007      0x0800029a   Section        0  libshutdown2.o(.ARM.Collect$$libshutdown$$00000007)
    .ARM.Collect$$libshutdown$$0000000A      0x0800029a   Section        0  libshutdown2.o(.ARM.Collect$$libshutdown$$0000000A)
    .ARM.Collect$$libshutdown$$0000000C      0x0800029a   Section        0  libshutdown2.o(.ARM.Collect$$libshutdown$$0000000C)
    .ARM.Collect$$libshutdown$$0000000F      0x0800029a   Section        0  libshutdown2.o(.ARM.Collect$$libshutdown$$0000000F)
    .ARM.Collect$$libshutdown$$00000010      0x0800029a   Section        2  libshutdown2.o(.ARM.Collect$$libshutdown$$00000010)
    .ARM.Collect$$rtentry$$00000000          0x0800029c   Section        0  __rtentry.o(.ARM.Collect$$rtentry$$00000000)
    .ARM.Collect$$rtentry$$00000002          0x0800029c   Section        0  __rtentry2.o(.ARM.Collect$$rtentry$$00000002)
    .ARM.Collect$$rtentry$$00000004          0x0800029c   Section        6  __rtentry4.o(.ARM.Collect$$rtentry$$00000004)
    .ARM.Collect$$rtentry$$00000009          0x080002a2   Section        0  __rtentry2.o(.ARM.Collect$$rtentry$$00000009)
    .ARM.Collect$$rtentry$$0000000A          0x080002a2   Section        4  __rtentry2.o(.ARM.Collect$$rtentry$$0000000A)
    .ARM.Collect$$rtentry$$0000000C          0x080002a6   Section        0  __rtentry2.o(.ARM.Collect$$rtentry$$0000000C)
    .ARM.Collect$$rtentry$$0000000D          0x080002a6   Section        8  __rtentry2.o(.ARM.Collect$$rtentry$$0000000D)
    .ARM.Collect$$rtexit$$00000000           0x080002ae   Section        2  rtexit.o(.ARM.Collect$$rtexit$$00000000)
    .ARM.Collect$$rtexit$$00000002           0x080002b0   Section        0  rtexit2.o(.ARM.Collect$$rtexit$$00000002)
    .ARM.Collect$$rtexit$$00000003           0x080002b0   Section        4  rtexit2.o(.ARM.Collect$$rtexit$$00000003)
    .ARM.Collect$$rtexit$$00000004           0x080002b4   Section        6  rtexit2.o(.ARM.Collect$$rtexit$$00000004)
    .text                                    0x080002bc   Section      180  startup_air32f10x.o(.text)
    .text                                    0x08000370   Section       16  aeabi_memset.o(.text)
    .text                                    0x08000380   Section       68  rt_memclr.o(.text)
    .text                                    0x080003c4   Section        0  heapauxi.o(.text)
    .text                                    0x080003ca   Section       78  rt_memclr_w.o(.text)
    .text                                    0x08000418   Section       74  sys_stackheap_outer.o(.text)
    .text                                    0x08000462   Section        0  exit.o(.text)
    .text                                    0x08000474   Section        8  libspace.o(.text)
    .text                                    0x0800047c   Section        0  sys_exit.o(.text)
    .text                                    0x08000488   Section        2  use_no_semi.o(.text)
    .text                                    0x0800048a   Section        0  indicate_semi.o(.text)
    i.BusFault_Handler                       0x0800048a   Section        0  air32f10x_it.o(i.BusFault_Handler)
    i.DebugMon_Handler                       0x0800048e   Section        0  air32f10x_it.o(i.DebugMon_Handler)
    i.GPIO_Init                              0x08000490   Section        0  air32f10x_gpio.o(i.GPIO_Init)
    i.GPIO_ResetBits                         0x080005a6   Section        0  air32f10x_gpio.o(i.GPIO_ResetBits)
    i.GPIO_SetBits                           0x080005aa   Section        0  air32f10x_gpio.o(i.GPIO_SetBits)
    i.HardFault_Handler                      0x080005ae   Section        0  air32f10x_it.o(i.HardFault_Handler)
    i.MemManage_Handler                      0x080005b2   Section        0  air32f10x_it.o(i.MemManage_Handler)
    i.NMI_Handler                            0x080005b6   Section        0  air32f10x_it.o(i.NMI_Handler)
    i.NVIC_Configuration                     0x080005b8   Section        0  main.o(i.NVIC_Configuration)
    i.NVIC_PriorityGroupConfig               0x080005c4   Section        0  misc.o(i.NVIC_PriorityGroupConfig)
    i.OLED_Clear                             0x080005d8   Section        0  oled.o(i.OLED_Clear)
    i.OLED_Display                           0x08000600   Section        0  oled.o(i.OLED_Display)
    i.OLED_Display_Off                       0x08000648   Section        0  oled.o(i.OLED_Display_Off)
    i.OLED_Display_On                        0x08000664   Section        0  oled.o(i.OLED_Display_On)
    i.OLED_Init                              0x08000680   Section        0  oled.o(i.OLED_Init)
    i.OLED_Init_GPIO                         0x08000780   Section        0  oled.o(i.OLED_Init_GPIO)
    i.OLED_Reset                             0x080007b8   Section        0  oled.o(i.OLED_Reset)
    i.OLED_WR_Byte                           0x080007ec   Section        0  oled.o(i.OLED_WR_Byte)
    i.PendSV_Handler                         0x08000830   Section        0  air32f10x_it.o(i.PendSV_Handler)
    i.RCC_APB1PeriphClockCmd                 0x08000834   Section        0  air32f10x_rcc.o(i.RCC_APB1PeriphClockCmd)
    i.RCC_APB2PeriphClockCmd                 0x08000854   Section        0  air32f10x_rcc.o(i.RCC_APB2PeriphClockCmd)
    i.RCC_GetClocksFreq                      0x08000874   Section        0  air32f10x_rcc.o(i.RCC_GetClocksFreq)
    i.SPI2_Init                              0x0800096c   Section        0  spi.o(i.SPI2_Init)
    i.SPI_Cmd                                0x08000a08   Section        0  air32f10x_spi.o(i.SPI_Cmd)
    i.SPI_Init                               0x08000a20   Section        0  air32f10x_spi.o(i.SPI_Init)
    i.SPI_WriteByte                          0x08000a5c   Section        0  spi.o(i.SPI_WriteByte)
    i.SVC_Handler                            0x08000a7e   Section        0  air32f10x_it.o(i.SVC_Handler)
    i.SetSysClock                            0x08000a80   Section        0  system_air32f10x.o(i.SetSysClock)
    SetSysClock                              0x08000a81   Thumb Code     8  system_air32f10x.o(i.SetSysClock)
    i.SetSysClockTo72                        0x08000a88   Section        0  system_air32f10x.o(i.SetSysClockTo72)
    SetSysClockTo72                          0x08000a89   Thumb Code   214  system_air32f10x.o(i.SetSysClockTo72)
    i.SysTick_CLKSourceConfig                0x08000b68   Section        0  misc.o(i.SysTick_CLKSourceConfig)
    i.SysTick_Handler                        0x08000b90   Section        0  air32f10x_it.o(i.SysTick_Handler)
    i.SystemInit                             0x08000b94   Section        0  system_air32f10x.o(i.SystemInit)
    i.UsageFault_Handler                     0x08000bf4   Section        0  air32f10x_it.o(i.UsageFault_Handler)
    i.delay_init                             0x08000bf8   Section        0  delay.o(i.delay_init)
    i.delay_ms                               0x08000c40   Section        0  delay.o(i.delay_ms)
    i.main                                   0x08000c8c   Section        0  main.o(i.main)
    .data                                    0x20000000   Section        4  delay.o(.data)
    UsNumber                                 0x20000000   Data           1  delay.o(.data)
    MsNumber                                 0x20000002   Data           2  delay.o(.data)
    .data                                    0x20000004   Section       32  air32f10x_rcc.o(.data)
    APBAHBPrescTable                         0x20000004   Data          16  air32f10x_rcc.o(.data)
    ADCPrescTable                            0x20000014   Data          16  air32f10x_rcc.o(.data)
    .bss                                     0x20000024   Section     1024  oled.o(.bss)
    OLED_buffer                              0x20000024   Data        1024  oled.o(.bss)
    .bss                                     0x20000424   Section       96  libspace.o(.bss)
    HEAP                                     0x20000488   Section     4096  startup_air32f10x.o(HEAP)
    Heap_Mem                                 0x20000488   Data        4096  startup_air32f10x.o(HEAP)
    STACK                                    0x20001488   Section     1024  startup_air32f10x.o(STACK)
    Stack_Mem                                0x20001488   Data        1024  startup_air32f10x.o(STACK)
    __initial_sp                             0x20001888   Data           0  startup_air32f10x.o(STACK)

    Global Symbols

    Symbol Name                              Value     Ov Type        Size  Object(Section)

    BuildAttributes$$THM_ISAv4$P$D$K$B$S$PE$A:L22UL41UL21$X:L11$S22US41US21$IEEE1$IW$USESV6$~STKCKD$USESV7$~SHL$OSPACE$ROPI$EBA8$UX$STANDARDLIB$REQ8$PRES8$EABIv2 0x00000000   Number         0  anon$$obj.o ABSOLUTE
    __ARM_use_no_argv                        0x00000000   Number         0  main.o ABSOLUTE
    __ARM_exceptions_init                     - Undefined Weak Reference
    __alloca_initialize                       - Undefined Weak Reference
    __arm_preinit_                            - Undefined Weak Reference
    __cpp_initialize__aeabi_                  - Undefined Weak Reference
    __cxa_finalize                            - Undefined Weak Reference
    __rt_locale                               - Undefined Weak Reference
    __sigvec_lookup                           - Undefined Weak Reference
    _atexit_init                              - Undefined Weak Reference
    _call_atexit_fns                          - Undefined Weak Reference
    _clock_init                               - Undefined Weak Reference
    _fp_trap_init                             - Undefined Weak Reference
    _fp_trap_shutdown                         - Undefined Weak Reference
    _get_lc_collate                           - Undefined Weak Reference
    _get_lc_ctype                             - Undefined Weak Reference
    _get_lc_monetary                          - Undefined Weak Reference
    _get_lc_numeric                           - Undefined Weak Reference
    _get_lc_time                              - Undefined Weak Reference
    _getenv_init                              - Undefined Weak Reference
    _handle_redirection                       - Undefined Weak Reference
    _init_alloc                               - Undefined Weak Reference
    _init_user_alloc                          - Undefined Weak Reference
    _initio                                   - Undefined Weak Reference
    _rand_init                                - Undefined Weak Reference
    _signal_finish                            - Undefined Weak Reference
    _signal_init                              - Undefined Weak Reference
    _terminate_alloc                          - Undefined Weak Reference
    _terminate_user_alloc                     - Undefined Weak Reference
    _terminateio                              - Undefined Weak Reference
    __Vectors_Size                           0x00000220   Number         0  startup_air32f10x.o ABSOLUTE
    __Vectors                                0x08000000   Data           4  startup_air32f10x.o(RESET)
    __Vectors_End                            0x08000220   Data           0  startup_air32f10x.o(RESET)
    __main                                   0x08000221   Thumb Code     8  __main.o(!!!main)
    __scatterload                            0x08000229   Thumb Code     0  __scatter.o(!!!scatter)
    __scatterload_rt2                        0x08000229   Thumb Code    44  __scatter.o(!!!scatter)
    __scatterload_rt2_thumb_only             0x08000229   Thumb Code     0  __scatter.o(!!!scatter)
    __scatterload_null                       0x08000237   Thumb Code     0  __scatter.o(!!!scatter)
    __scatterload_copy                       0x0800025d   Thumb Code    26  __scatter_copy.o(!!handler_copy)
    __scatterload_zeroinit                   0x08000279   Thumb Code    28  __scatter_zi.o(!!handler_zi)
    __rt_lib_init                            0x08000295   Thumb Code     0  libinit.o(.ARM.Collect$$libinit$$00000000)
    __rt_lib_init_alloca_1                   0x08000297   Thumb Code     0  libinit2.o(.ARM.Collect$$libinit$$0000002E)
    __rt_lib_init_argv_1                     0x08000297   Thumb Code     0  libinit2.o(.ARM.Collect$$libinit$$0000002C)
    __rt_lib_init_atexit_1                   0x08000297   Thumb Code     0  libinit2.o(.ARM.Collect$$libinit$$0000001B)
    __rt_lib_init_clock_1                    0x08000297   Thumb Code     0  libinit2.o(.ARM.Collect$$libinit$$00000021)
    __rt_lib_init_cpp_1                      0x08000297   Thumb Code     0  libinit2.o(.ARM.Collect$$libinit$$00000032)
    __rt_lib_init_exceptions_1               0x08000297   Thumb Code     0  libinit2.o(.ARM.Collect$$libinit$$00000030)
    __rt_lib_init_fp_1                       0x08000297   Thumb Code     0  libinit2.o(.ARM.Collect$$libinit$$00000002)
    __rt_lib_init_fp_trap_1                  0x08000297   Thumb Code     0  libinit2.o(.ARM.Collect$$libinit$$0000001F)
    __rt_lib_init_getenv_1                   0x08000297   Thumb Code     0  libinit2.o(.ARM.Collect$$libinit$$00000023)
    __rt_lib_init_heap_1                     0x08000297   Thumb Code     0  libinit2.o(.ARM.Collect$$libinit$$0000000A)
    __rt_lib_init_lc_collate_1               0x08000297   Thumb Code     0  libinit2.o(.ARM.Collect$$libinit$$00000011)
    __rt_lib_init_lc_ctype_1                 0x08000297   Thumb Code     0  libinit2.o(.ARM.Collect$$libinit$$00000013)
    __rt_lib_init_lc_monetary_1              0x08000297   Thumb Code     0  libinit2.o(.ARM.Collect$$libinit$$00000015)
    __rt_lib_init_lc_numeric_1               0x08000297   Thumb Code     0  libinit2.o(.ARM.Collect$$libinit$$00000017)
    __rt_lib_init_lc_time_1                  0x08000297   Thumb Code     0  libinit2.o(.ARM.Collect$$libinit$$00000019)
    __rt_lib_init_preinit_1                  0x08000297   Thumb Code     0  libinit2.o(.ARM.Collect$$libinit$$00000004)
    __rt_lib_init_rand_1                     0x08000297   Thumb Code     0  libinit2.o(.ARM.Collect$$libinit$$0000000E)
    __rt_lib_init_return                     0x08000297   Thumb Code     0  libinit2.o(.ARM.Collect$$libinit$$00000033)
    __rt_lib_init_signal_1                   0x08000297   Thumb Code     0  libinit2.o(.ARM.Collect$$libinit$$0000001D)
    __rt_lib_init_stdio_1                    0x08000297   Thumb Code     0  libinit2.o(.ARM.Collect$$libinit$$00000025)
    __rt_lib_init_user_alloc_1               0x08000297   Thumb Code     0  libinit2.o(.ARM.Collect$$libinit$$0000000C)
    __rt_lib_shutdown                        0x08000299   Thumb Code     0  libshutdown.o(.ARM.Collect$$libshutdown$$00000000)
    __rt_lib_shutdown_cpp_1                  0x0800029b   Thumb Code     0  libshutdown2.o(.ARM.Collect$$libshutdown$$00000002)
    __rt_lib_shutdown_fp_trap_1              0x0800029b   Thumb Code     0  libshutdown2.o(.ARM.Collect$$libshutdown$$00000007)
    __rt_lib_shutdown_heap_1                 0x0800029b   Thumb Code     0  libshutdown2.o(.ARM.Collect$$libshutdown$$0000000F)
    __rt_lib_shutdown_return                 0x0800029b   Thumb Code     0  libshutdown2.o(.ARM.Collect$$libshutdown$$00000010)
    __rt_lib_shutdown_signal_1               0x0800029b   Thumb Code     0  libshutdown2.o(.ARM.Collect$$libshutdown$$0000000A)
    __rt_lib_shutdown_stdio_1                0x0800029b   Thumb Code     0  libshutdown2.o(.ARM.Collect$$libshutdown$$00000004)
    __rt_lib_shutdown_user_alloc_1           0x0800029b   Thumb Code     0  libshutdown2.o(.ARM.Collect$$libshutdown$$0000000C)
    __rt_entry                               0x0800029d   Thumb Code     0  __rtentry.o(.ARM.Collect$$rtentry$$00000000)
    __rt_entry_presh_1                       0x0800029d   Thumb Code     0  __rtentry2.o(.ARM.Collect$$rtentry$$00000002)
    __rt_entry_sh                            0x0800029d   Thumb Code     0  __rtentry4.o(.ARM.Collect$$rtentry$$00000004)
    __rt_entry_li                            0x080002a3   Thumb Code     0  __rtentry2.o(.ARM.Collect$$rtentry$$0000000A)
    __rt_entry_postsh_1                      0x080002a3   Thumb Code     0  __rtentry2.o(.ARM.Collect$$rtentry$$00000009)
    __rt_entry_main                          0x080002a7   Thumb Code     0  __rtentry2.o(.ARM.Collect$$rtentry$$0000000D)
    __rt_entry_postli_1                      0x080002a7   Thumb Code     0  __rtentry2.o(.ARM.Collect$$rtentry$$0000000C)
    __rt_exit                                0x080002af   Thumb Code     0  rtexit.o(.ARM.Collect$$rtexit$$00000000)
    __rt_exit_ls                             0x080002b1   Thumb Code     0  rtexit2.o(.ARM.Collect$$rtexit$$00000003)
    __rt_exit_prels_1                        0x080002b1   Thumb Code     0  rtexit2.o(.ARM.Collect$$rtexit$$00000002)
    __rt_exit_exit                           0x080002b5   Thumb Code     0  rtexit2.o(.ARM.Collect$$rtexit$$00000004)
    BOOT_RAM                                 0x080002bd   Thumb Code     8  startup_air32f10x.o(.text)
    Reset_Handler                            0x080002c5   Thumb Code    76  startup_air32f10x.o(.text)
    ADC1_2_IRQHandler                        0x08000323   Thumb Code     0  startup_air32f10x.o(.text)
    ADC3_IRQHandler                          0x08000323   Thumb Code     0  startup_air32f10x.o(.text)
    CAN1_RX1_IRQHandler                      0x08000323   Thumb Code     0  startup_air32f10x.o(.text)
    CAN1_SCE_IRQHandler                      0x08000323   Thumb Code     0  startup_air32f10x.o(.text)
    DMA1_Channel1_IRQHandler                 0x08000323   Thumb Code     0  startup_air32f10x.o(.text)
    DMA1_Channel2_IRQHandler                 0x08000323   Thumb Code     0  startup_air32f10x.o(.text)
    DMA1_Channel3_IRQHandler                 0x08000323   Thumb Code     0  startup_air32f10x.o(.text)
    DMA1_Channel4_IRQHandler                 0x08000323   Thumb Code     0  startup_air32f10x.o(.text)
    DMA1_Channel5_IRQHandler                 0x08000323   Thumb Code     0  startup_air32f10x.o(.text)
    DMA1_Channel6_IRQHandler                 0x08000323   Thumb Code     0  startup_air32f10x.o(.text)
    DMA1_Channel7_IRQHandler                 0x08000323   Thumb Code     0  startup_air32f10x.o(.text)
    DMA2_Channel1_IRQHandler                 0x08000323   Thumb Code     0  startup_air32f10x.o(.text)
    DMA2_Channel2_IRQHandler                 0x08000323   Thumb Code     0  startup_air32f10x.o(.text)
    DMA2_Channel3_IRQHandler                 0x08000323   Thumb Code     0  startup_air32f10x.o(.text)
    DMA2_Channel4_5_IRQHandler               0x08000323   Thumb Code     0  startup_air32f10x.o(.text)
    EXTI0_IRQHandler                         0x08000323   Thumb Code     0  startup_air32f10x.o(.text)
    EXTI15_10_IRQHandler                     0x08000323   Thumb Code     0  startup_air32f10x.o(.text)
    EXTI1_IRQHandler                         0x08000323   Thumb Code     0  startup_air32f10x.o(.text)
    EXTI2_IRQHandler                         0x08000323   Thumb Code     0  startup_air32f10x.o(.text)
    EXTI3_IRQHandler                         0x08000323   Thumb Code     0  startup_air32f10x.o(.text)
    EXTI4_IRQHandler                         0x08000323   Thumb Code     0  startup_air32f10x.o(.text)
    EXTI9_5_IRQHandler                       0x08000323   Thumb Code     0  startup_air32f10x.o(.text)
    FLASH_IRQHandler                         0x08000323   Thumb Code     0  startup_air32f10x.o(.text)
    FSMC_IRQHandler                          0x08000323   Thumb Code     0  startup_air32f10x.o(.text)
    I2C1_ER_IRQHandler                       0x08000323   Thumb Code     0  startup_air32f10x.o(.text)
    I2C1_EV_IRQHandler                       0x08000323   Thumb Code     0  startup_air32f10x.o(.text)
    I2C2_ER_IRQHandler                       0x08000323   Thumb Code     0  startup_air32f10x.o(.text)
    I2C2_EV_IRQHandler                       0x08000323   Thumb Code     0  startup_air32f10x.o(.text)
    PVD_IRQHandler                           0x08000323   Thumb Code     0  startup_air32f10x.o(.text)
    RCC_IRQHandler                           0x08000323   Thumb Code     0  startup_air32f10x.o(.text)
    RNG_IRQHandler                           0x08000323   Thumb Code     0  startup_air32f10x.o(.text)
    RTCAlarm_IRQHandler                      0x08000323   Thumb Code     0  startup_air32f10x.o(.text)
    RTC_IRQHandler                           0x08000323   Thumb Code     0  startup_air32f10x.o(.text)
    SDIO_IRQHandler                          0x08000323   Thumb Code     0  startup_air32f10x.o(.text)
    SENSOR_IRQHandler                        0x08000323   Thumb Code     0  startup_air32f10x.o(.text)
    SPI1_IRQHandler                          0x08000323   Thumb Code     0  startup_air32f10x.o(.text)
    SPI2_IRQHandler                          0x08000323   Thumb Code     0  startup_air32f10x.o(.text)
    SPI3_IRQHandler                          0x08000323   Thumb Code     0  startup_air32f10x.o(.text)
    SYMC_IRQHandler                          0x08000323   Thumb Code     0  startup_air32f10x.o(.text)
    TAMPER_IRQHandler                        0x08000323   Thumb Code     0  startup_air32f10x.o(.text)
    TIM1_BRK_IRQHandler                      0x08000323   Thumb Code     0  startup_air32f10x.o(.text)
    TIM1_CC_IRQHandler                       0x08000323   Thumb Code     0  startup_air32f10x.o(.text)
    TIM1_TRG_COM_IRQHandler                  0x08000323   Thumb Code     0  startup_air32f10x.o(.text)
    TIM1_UP_IRQHandler                       0x08000323   Thumb Code     0  startup_air32f10x.o(.text)
    TIM2_IRQHandler                          0x08000323   Thumb Code     0  startup_air32f10x.o(.text)
    TIM3_IRQHandler                          0x08000323   Thumb Code     0  startup_air32f10x.o(.text)
    TIM4_IRQHandler                          0x08000323   Thumb Code     0  startup_air32f10x.o(.text)
    TIM5_IRQHandler                          0x08000323   Thumb Code     0  startup_air32f10x.o(.text)
    TIM6_IRQHandler                          0x08000323   Thumb Code     0  startup_air32f10x.o(.text)
    TIM7_IRQHandler                          0x08000323   Thumb Code     0  startup_air32f10x.o(.text)
    TIM8_BRK_IRQHandler                      0x08000323   Thumb Code     0  startup_air32f10x.o(.text)
    TIM8_CC_IRQHandler                       0x08000323   Thumb Code     0  startup_air32f10x.o(.text)
    TIM8_TRG_COM_IRQHandler                  0x08000323   Thumb Code     0  startup_air32f10x.o(.text)
    TIM8_UP_IRQHandler                       0x08000323   Thumb Code     0  startup_air32f10x.o(.text)
    UART4_IRQHandler                         0x08000323   Thumb Code     0  startup_air32f10x.o(.text)
    UART5_IRQHandler                         0x08000323   Thumb Code     0  startup_air32f10x.o(.text)
    USART1_IRQHandler                        0x08000323   Thumb Code     0  startup_air32f10x.o(.text)
    USART2_IRQHandler                        0x08000323   Thumb Code     0  startup_air32f10x.o(.text)
    USART3_IRQHandler                        0x08000323   Thumb Code     0  startup_air32f10x.o(.text)
    USBWakeUp_IRQHandler                     0x08000323   Thumb Code     0  startup_air32f10x.o(.text)
    USB_HP_CAN1_TX_IRQHandler                0x08000323   Thumb Code     0  startup_air32f10x.o(.text)
    USB_LP_CAN1_RX0_IRQHandler               0x08000323   Thumb Code     0  startup_air32f10x.o(.text)
    WWDG_IRQHandler                          0x08000323   Thumb Code     0  startup_air32f10x.o(.text)
    __user_initial_stackheap                 0x08000325   Thumb Code     0  startup_air32f10x.o(.text)
    __aeabi_memset                           0x08000371   Thumb Code    16  aeabi_memset.o(.text)
    __aeabi_memclr                           0x08000381   Thumb Code     0  rt_memclr.o(.text)
    __rt_memclr                              0x08000381   Thumb Code    68  rt_memclr.o(.text)
    _memset                                  0x08000385   Thumb Code     0  rt_memclr.o(.text)
    __use_two_region_memory                  0x080003c5   Thumb Code     2  heapauxi.o(.text)
    __rt_heap_escrow$2region                 0x080003c7   Thumb Code     2  heapauxi.o(.text)
    __rt_heap_expand$2region                 0x080003c9   Thumb Code     2  heapauxi.o(.text)
    __aeabi_memclr4                          0x080003cb   Thumb Code     0  rt_memclr_w.o(.text)
    __aeabi_memclr8                          0x080003cb   Thumb Code     0  rt_memclr_w.o(.text)
    __rt_memclr_w                            0x080003cb   Thumb Code    78  rt_memclr_w.o(.text)
    _memset_w                                0x080003cf   Thumb Code     0  rt_memclr_w.o(.text)
    __user_setup_stackheap                   0x08000419   Thumb Code    74  sys_stackheap_outer.o(.text)
    exit                                     0x08000463   Thumb Code    18  exit.o(.text)
    __user_libspace                          0x08000475   Thumb Code     8  libspace.o(.text)
    __user_perproc_libspace                  0x08000475   Thumb Code     0  libspace.o(.text)
    __user_perthread_libspace                0x08000475   Thumb Code     0  libspace.o(.text)
    _sys_exit                                0x0800047d   Thumb Code     8  sys_exit.o(.text)
    __I$use$semihosting                      0x08000489   Thumb Code     0  use_no_semi.o(.text)
    __use_no_semihosting_swi                 0x08000489   Thumb Code     2  use_no_semi.o(.text)
    BusFault_Handler                         0x0800048b   Thumb Code     4  air32f10x_it.o(i.BusFault_Handler)
    __semihosting_library_function           0x0800048b   Thumb Code     0  indicate_semi.o(.text)
    DebugMon_Handler                         0x0800048f   Thumb Code     2  air32f10x_it.o(i.DebugMon_Handler)
    GPIO_Init                                0x08000491   Thumb Code   278  air32f10x_gpio.o(i.GPIO_Init)
    GPIO_ResetBits                           0x080005a7   Thumb Code     4  air32f10x_gpio.o(i.GPIO_ResetBits)
    GPIO_SetBits                             0x080005ab   Thumb Code     4  air32f10x_gpio.o(i.GPIO_SetBits)
    HardFault_Handler                        0x080005af   Thumb Code     4  air32f10x_it.o(i.HardFault_Handler)
    MemManage_Handler                        0x080005b3   Thumb Code     4  air32f10x_it.o(i.MemManage_Handler)
    NMI_Handler                              0x080005b7   Thumb Code     2  air32f10x_it.o(i.NMI_Handler)
    NVIC_Configuration                       0x080005b9   Thumb Code    12  main.o(i.NVIC_Configuration)
    NVIC_PriorityGroupConfig                 0x080005c5   Thumb Code    10  misc.o(i.NVIC_PriorityGroupConfig)
    OLED_Clear                               0x080005d9   Thumb Code    36  oled.o(i.OLED_Clear)
    OLED_Display                             0x08000601   Thumb Code    68  oled.o(i.OLED_Display)
    OLED_Display_Off                         0x08000649   Thumb Code    28  oled.o(i.OLED_Display_Off)
    OLED_Display_On                          0x08000665   Thumb Code    28  oled.o(i.OLED_Display_On)
    OLED_Init                                0x08000681   Thumb Code   254  oled.o(i.OLED_Init)
    OLED_Init_GPIO                           0x08000781   Thumb Code    50  oled.o(i.OLED_Init_GPIO)
    OLED_Reset                               0x080007b9   Thumb Code    46  oled.o(i.OLED_Reset)
    OLED_WR_Byte                             0x080007ed   Thumb Code    60  oled.o(i.OLED_WR_Byte)
    PendSV_Handler                           0x08000831   Thumb Code     2  air32f10x_it.o(i.PendSV_Handler)
    RCC_APB1PeriphClockCmd                   0x08000835   Thumb Code    26  air32f10x_rcc.o(i.RCC_APB1PeriphClockCmd)
    RCC_APB2PeriphClockCmd                   0x08000855   Thumb Code    26  air32f10x_rcc.o(i.RCC_APB2PeriphClockCmd)
    RCC_GetClocksFreq                        0x08000875   Thumb Code   224  air32f10x_rcc.o(i.RCC_GetClocksFreq)
    SPI2_Init                                0x0800096d   Thumb Code   148  spi.o(i.SPI2_Init)
    SPI_Cmd                                  0x08000a09   Thumb Code    24  air32f10x_spi.o(i.SPI_Cmd)
    SPI_Init                                 0x08000a21   Thumb Code    60  air32f10x_spi.o(i.SPI_Init)
    SPI_WriteByte                            0x08000a5d   Thumb Code    34  spi.o(i.SPI_WriteByte)
    SVC_Handler                              0x08000a7f   Thumb Code     2  air32f10x_it.o(i.SVC_Handler)
    SysTick_CLKSourceConfig                  0x08000b69   Thumb Code    40  misc.o(i.SysTick_CLKSourceConfig)
    SysTick_Handler                          0x08000b91   Thumb Code     2  air32f10x_it.o(i.SysTick_Handler)
    SystemInit                               0x08000b95   Thumb Code    78  system_air32f10x.o(i.SystemInit)
    UsageFault_Handler                       0x08000bf5   Thumb Code     4  air32f10x_it.o(i.UsageFault_Handler)
    delay_init                               0x08000bf9   Thumb Code    58  delay.o(i.delay_init)
    delay_ms                                 0x08000c41   Thumb Code    72  delay.o(i.delay_ms)
    main                                     0x08000c8d   Thumb Code    50  main.o(i.main)
    Region$$Table$$Base                      0x08000cc0   Number         0  anon$$obj.o(Region$$Table)
    Region$$Table$$Limit                     0x08000ce0   Number         0  anon$$obj.o(Region$$Table)
    __libspace_start                         0x20000424   Data          96  libspace.o(.bss)
    __temporary_stack_top$libspace           0x20000484   Data           0  libspace.o(.bss)



==============================================================================

Memory Map of the image

  Image Entry point : 0x08000221

  Load Region LR_IROM1 (Base: 0x08000000, Size: 0x00000d04, Max: 0x00020000, ABSOLUTE)

    Execution Region ER_IROM1 (Exec base: 0x08000000, Load base: 0x08000000, Size: 0x00000ce0, Max: 0x00020000, ABSOLUTE)

    Exec Addr    Load Addr    Size         Type   Attr      Idx    E Section Name        Object

    0x08000000   0x08000000   0x00000220   Data   RO          439    RESET               startup_air32f10x.o
    0x08000220   0x08000220   0x00000008   Code   RO         1288  * !!!main             c_w.l(__main.o)
    0x08000228   0x08000228   0x00000034   Code   RO         1447    !!!scatter          c_w.l(__scatter.o)
    0x0800025c   0x0800025c   0x0000001a   Code   RO         1449    !!handler_copy      c_w.l(__scatter_copy.o)
    0x08000276   0x08000276   0x00000002   PAD
    0x08000278   0x08000278   0x0000001c   Code   RO         1451    !!handler_zi        c_w.l(__scatter_zi.o)
    0x08000294   0x08000294   0x00000002   Code   RO         1317    .ARM.Collect$$libinit$$00000000  c_w.l(libinit.o)
    0x08000296   0x08000296   0x00000000   Code   RO         1324    .ARM.Collect$$libinit$$00000002  c_w.l(libinit2.o)
    0x08000296   0x08000296   0x00000000   Code   RO         1326    .ARM.Collect$$libinit$$00000004  c_w.l(libinit2.o)
    0x08000296   0x08000296   0x00000000   Code   RO         1329    .ARM.Collect$$libinit$$0000000A  c_w.l(libinit2.o)
    0x08000296   0x08000296   0x00000000   Code   RO         1331    .ARM.Collect$$libinit$$0000000C  c_w.l(libinit2.o)
    0x08000296   0x08000296   0x00000000   Code   RO         1333    .ARM.Collect$$libinit$$0000000E  c_w.l(libinit2.o)
    0x08000296   0x08000296   0x00000000   Code   RO         1336    .ARM.Collect$$libinit$$00000011  c_w.l(libinit2.o)
    0x08000296   0x08000296   0x00000000   Code   RO         1338    .ARM.Collect$$libinit$$00000013  c_w.l(libinit2.o)
    0x08000296   0x08000296   0x00000000   Code   RO         1340    .ARM.Collect$$libinit$$00000015  c_w.l(libinit2.o)
    0x08000296   0x08000296   0x00000000   Code   RO         1342    .ARM.Collect$$libinit$$00000017  c_w.l(libinit2.o)
    0x08000296   0x08000296   0x00000000   Code   RO         1344    .ARM.Collect$$libinit$$00000019  c_w.l(libinit2.o)
    0x08000296   0x08000296   0x00000000   Code   RO         1346    .ARM.Collect$$libinit$$0000001B  c_w.l(libinit2.o)
    0x08000296   0x08000296   0x00000000   Code   RO         1348    .ARM.Collect$$libinit$$0000001D  c_w.l(libinit2.o)
    0x08000296   0x08000296   0x00000000   Code   RO         1350    .ARM.Collect$$libinit$$0000001F  c_w.l(libinit2.o)
    0x08000296   0x08000296   0x00000000   Code   RO         1352    .ARM.Collect$$libinit$$00000021  c_w.l(libinit2.o)
    0x08000296   0x08000296   0x00000000   Code   RO         1354    .ARM.Collect$$libinit$$00000023  c_w.l(libinit2.o)
    0x08000296   0x08000296   0x00000000   Code   RO         1356    .ARM.Collect$$libinit$$00000025  c_w.l(libinit2.o)
    0x08000296   0x08000296   0x00000000   Code   RO         1360    .ARM.Collect$$libinit$$0000002C  c_w.l(libinit2.o)
    0x08000296   0x08000296   0x00000000   Code   RO         1362    .ARM.Collect$$libinit$$0000002E  c_w.l(libinit2.o)
    0x08000296   0x08000296   0x00000000   Code   RO         1364    .ARM.Collect$$libinit$$00000030  c_w.l(libinit2.o)
    0x08000296   0x08000296   0x00000000   Code   RO         1366    .ARM.Collect$$libinit$$00000032  c_w.l(libinit2.o)
    0x08000296   0x08000296   0x00000002   Code   RO         1367    .ARM.Collect$$libinit$$00000033  c_w.l(libinit2.o)
    0x08000298   0x08000298   0x00000002   Code   RO         1387    .ARM.Collect$$libshutdown$$00000000  c_w.l(libshutdown.o)
    0x0800029a   0x0800029a   0x00000000   Code   RO         1400    .ARM.Collect$$libshutdown$$00000002  c_w.l(libshutdown2.o)
    0x0800029a   0x0800029a   0x00000000   Code   RO         1402    .ARM.Collect$$libshutdown$$00000004  c_w.l(libshutdown2.o)
    0x0800029a   0x0800029a   0x00000000   Code   RO         1405    .ARM.Collect$$libshutdown$$00000007  c_w.l(libshutdown2.o)
    0x0800029a   0x0800029a   0x00000000   Code   RO         1408    .ARM.Collect$$libshutdown$$0000000A  c_w.l(libshutdown2.o)
    0x0800029a   0x0800029a   0x00000000   Code   RO         1410    .ARM.Collect$$libshutdown$$0000000C  c_w.l(libshutdown2.o)
    0x0800029a   0x0800029a   0x00000000   Code   RO         1413    .ARM.Collect$$libshutdown$$0000000F  c_w.l(libshutdown2.o)
    0x0800029a   0x0800029a   0x00000002   Code   RO         1414    .ARM.Collect$$libshutdown$$00000010  c_w.l(libshutdown2.o)
    0x0800029c   0x0800029c   0x00000000   Code   RO         1290    .ARM.Collect$$rtentry$$00000000  c_w.l(__rtentry.o)
    0x0800029c   0x0800029c   0x00000000   Code   RO         1294    .ARM.Collect$$rtentry$$00000002  c_w.l(__rtentry2.o)
    0x0800029c   0x0800029c   0x00000006   Code   RO         1306    .ARM.Collect$$rtentry$$00000004  c_w.l(__rtentry4.o)
    0x080002a2   0x080002a2   0x00000000   Code   RO         1296    .ARM.Collect$$rtentry$$00000009  c_w.l(__rtentry2.o)
    0x080002a2   0x080002a2   0x00000004   Code   RO         1297    .ARM.Collect$$rtentry$$0000000A  c_w.l(__rtentry2.o)
    0x080002a6   0x080002a6   0x00000000   Code   RO         1299    .ARM.Collect$$rtentry$$0000000C  c_w.l(__rtentry2.o)
    0x080002a6   0x080002a6   0x00000008   Code   RO         1300    .ARM.Collect$$rtentry$$0000000D  c_w.l(__rtentry2.o)
    0x080002ae   0x080002ae   0x00000002   Code   RO         1321    .ARM.Collect$$rtexit$$00000000  c_w.l(rtexit.o)
    0x080002b0   0x080002b0   0x00000000   Code   RO         1369    .ARM.Collect$$rtexit$$00000002  c_w.l(rtexit2.o)
    0x080002b0   0x080002b0   0x00000004   Code   RO         1370    .ARM.Collect$$rtexit$$00000003  c_w.l(rtexit2.o)
    0x080002b4   0x080002b4   0x00000006   Code   RO         1371    .ARM.Collect$$rtexit$$00000004  c_w.l(rtexit2.o)
    0x080002ba   0x080002ba   0x00000002   PAD
    0x080002bc   0x080002bc   0x000000b4   Code   RO          440    .text               startup_air32f10x.o
    0x08000370   0x08000370   0x00000010   Code   RO         1282    .text               c_w.l(aeabi_memset.o)
    0x08000380   0x08000380   0x00000044   Code   RO         1284    .text               c_w.l(rt_memclr.o)
    0x080003c4   0x080003c4   0x00000006   Code   RO         1286    .text               c_w.l(heapauxi.o)
    0x080003ca   0x080003ca   0x0000004e   Code   RO         1291    .text               c_w.l(rt_memclr_w.o)
    0x08000418   0x08000418   0x0000004a   Code   RO         1308    .text               c_w.l(sys_stackheap_outer.o)
    0x08000462   0x08000462   0x00000012   Code   RO         1310    .text               c_w.l(exit.o)
    0x08000474   0x08000474   0x00000008   Code   RO         1318    .text               c_w.l(libspace.o)
    0x0800047c   0x0800047c   0x0000000c   Code   RO         1379    .text               c_w.l(sys_exit.o)
    0x08000488   0x08000488   0x00000002   Code   RO         1390    .text               c_w.l(use_no_semi.o)
    0x0800048a   0x0800048a   0x00000000   Code   RO         1392    .text               c_w.l(indicate_semi.o)
    0x0800048a   0x0800048a   0x00000004   Code   RO          144    i.BusFault_Handler  air32f10x_it.o
    0x0800048e   0x0800048e   0x00000002   Code   RO          145    i.DebugMon_Handler  air32f10x_it.o
    0x08000490   0x08000490   0x00000116   Code   RO          716    i.GPIO_Init         air32f10x_gpio.o
    0x080005a6   0x080005a6   0x00000004   Code   RO          723    i.GPIO_ResetBits    air32f10x_gpio.o
    0x080005aa   0x080005aa   0x00000004   Code   RO          724    i.GPIO_SetBits      air32f10x_gpio.o
    0x080005ae   0x080005ae   0x00000004   Code   RO          146    i.HardFault_Handler  air32f10x_it.o
    0x080005b2   0x080005b2   0x00000004   Code   RO          147    i.MemManage_Handler  air32f10x_it.o
    0x080005b6   0x080005b6   0x00000002   Code   RO          148    i.NMI_Handler       air32f10x_it.o
    0x080005b8   0x080005b8   0x0000000c   Code   RO            4    i.NVIC_Configuration  main.o
    0x080005c4   0x080005c4   0x00000014   Code   RO          448    i.NVIC_PriorityGroupConfig  misc.o
    0x080005d8   0x080005d8   0x00000028   Code   RO          265    i.OLED_Clear        oled.o
    0x08000600   0x08000600   0x00000048   Code   RO          266    i.OLED_Display      oled.o
    0x08000648   0x08000648   0x0000001c   Code   RO          267    i.OLED_Display_Off  oled.o
    0x08000664   0x08000664   0x0000001c   Code   RO          268    i.OLED_Display_On   oled.o
    0x08000680   0x08000680   0x000000fe   Code   RO          269    i.OLED_Init         oled.o
    0x0800077e   0x0800077e   0x00000002   PAD
    0x08000780   0x08000780   0x00000038   Code   RO          270    i.OLED_Init_GPIO    oled.o
    0x080007b8   0x080007b8   0x00000034   Code   RO          271    i.OLED_Reset        oled.o
    0x080007ec   0x080007ec   0x00000044   Code   RO          274    i.OLED_WR_Byte      oled.o
    0x08000830   0x08000830   0x00000002   Code   RO          149    i.PendSV_Handler    air32f10x_it.o
    0x08000832   0x08000832   0x00000002   PAD
    0x08000834   0x08000834   0x00000020   Code   RO          497    i.RCC_APB1PeriphClockCmd  air32f10x_rcc.o
    0x08000854   0x08000854   0x00000020   Code   RO          499    i.RCC_APB2PeriphClockCmd  air32f10x_rcc.o
    0x08000874   0x08000874   0x000000f8   Code   RO          507    i.RCC_GetClocksFreq  air32f10x_rcc.o
    0x0800096c   0x0800096c   0x0000009c   Code   RO          354    i.SPI2_Init         spi.o
    0x08000a08   0x08000a08   0x00000018   Code   RO         1132    i.SPI_Cmd           air32f10x_spi.o
    0x08000a20   0x08000a20   0x0000003c   Code   RO         1145    i.SPI_Init          air32f10x_spi.o
    0x08000a5c   0x08000a5c   0x00000022   Code   RO          357    i.SPI_WriteByte     spi.o
    0x08000a7e   0x08000a7e   0x00000002   Code   RO          150    i.SVC_Handler       air32f10x_it.o
    0x08000a80   0x08000a80   0x00000008   Code   RO          219    i.SetSysClock       system_air32f10x.o
    0x08000a88   0x08000a88   0x000000e0   Code   RO          220    i.SetSysClockTo72   system_air32f10x.o
    0x08000b68   0x08000b68   0x00000028   Code   RO          451    i.SysTick_CLKSourceConfig  misc.o
    0x08000b90   0x08000b90   0x00000002   Code   RO          151    i.SysTick_Handler   air32f10x_it.o
    0x08000b92   0x08000b92   0x00000002   PAD
    0x08000b94   0x08000b94   0x00000060   Code   RO          222    i.SystemInit        system_air32f10x.o
    0x08000bf4   0x08000bf4   0x00000004   Code   RO          152    i.UsageFault_Handler  air32f10x_it.o
    0x08000bf8   0x08000bf8   0x00000048   Code   RO          396    i.delay_init        delay.o
    0x08000c40   0x08000c40   0x0000004c   Code   RO          397    i.delay_ms          delay.o
    0x08000c8c   0x08000c8c   0x00000032   Code   RO            5    i.main              main.o
    0x08000cbe   0x08000cbe   0x00000002   PAD
    0x08000cc0   0x08000cc0   0x00000020   Data   RO         1445    Region$$Table       anon$$obj.o


    Execution Region RW_IRAM1 (Exec base: 0x20000000, Load base: 0x08000ce0, Size: 0x00001888, Max: 0x00018000, ABSOLUTE)

    Exec Addr    Load Addr    Size         Type   Attr      Idx    E Section Name        Object

    0x20000000   0x08000ce0   0x00000004   Data   RW          400    .data               delay.o
    0x20000004   0x08000ce4   0x00000020   Data   RW          527    .data               air32f10x_rcc.o
    0x20000024        -       0x00000400   Zero   RW          275    .bss                oled.o
    0x20000424        -       0x00000060   Zero   RW         1319    .bss                c_w.l(libspace.o)
    0x20000484   0x08000d04   0x00000004   PAD
    0x20000488        -       0x00001000   Zero   RW          438    HEAP                startup_air32f10x.o
    0x20001488        -       0x00000400   Zero   RW          437    STACK               startup_air32f10x.o


==============================================================================

Image component sizes


      Code (inc. data)   RO Data    RW Data    ZI Data      Debug   Object Name

       286          0          0          0          0       3436   air32f10x_gpio.o
        26          0          0          0          0       3714   air32f10x_it.o
       312         36          0         32          0       4730   air32f10x_rcc.o
        84          0          0          0          0       2365   air32f10x_spi.o
       148         18          0          4          0       1252   delay.o
        62          0          0          0          0     239952   main.o
        60         10          0          0          0       1105   misc.o
       598         28          0          0       1024       4806   oled.o
       190          8          0          0          0       1556   spi.o
       180         66        544          0       5120        920   startup_air32f10x.o
       328         28          0          0          0       2265   system_air32f10x.o

    ----------------------------------------------------------------------
      2282        194        576         36       6144     266101   Object Totals
         0          0         32          0          0          0   (incl. Generated)
         8          0          0          0          0          0   (incl. Padding)

    ----------------------------------------------------------------------

      Code (inc. data)   RO Data    RW Data    ZI Data      Debug   Library Member Name

         8          0          0          0          0         68   __main.o
         0          0          0          0          0          0   __rtentry.o
        12          0          0          0          0          0   __rtentry2.o
         6          0          0          0          0          0   __rtentry4.o
        52          8          0          0          0          0   __scatter.o
        26          0          0          0          0          0   __scatter_copy.o
        28          0          0          0          0          0   __scatter_zi.o
        16          0          0          0          0         68   aeabi_memset.o
        18          0          0          0          0         80   exit.o
         6          0          0          0          0        152   heapauxi.o
         0          0          0          0          0          0   indicate_semi.o
         2          0          0          0          0          0   libinit.o
         2          0          0          0          0          0   libinit2.o
         2          0          0          0          0          0   libshutdown.o
         2          0          0          0          0          0   libshutdown2.o
         8          4          0          0         96         68   libspace.o
        68          0          0          0          0         68   rt_memclr.o
        78          0          0          0          0         80   rt_memclr_w.o
         2          0          0          0          0          0   rtexit.o
        10          0          0          0          0          0   rtexit2.o
        12          4          0          0          0         68   sys_exit.o
        74          0          0          0          0         80   sys_stackheap_outer.o
         2          0          0          0          0         68   use_no_semi.o

    ----------------------------------------------------------------------
       438         16          0          0        100        800   Library Totals
         4          0          0          0          4          0   (incl. Padding)

    ----------------------------------------------------------------------

      Code (inc. data)   RO Data    RW Data    ZI Data      Debug   Library Name

       434         16          0          0         96        800   c_w.l

    ----------------------------------------------------------------------
       438         16          0          0        100        800   Library Totals

    ----------------------------------------------------------------------

==============================================================================


      Code (inc. data)   RO Data    RW Data    ZI Data      Debug   

      2720        210        576         36       6244     264921   Grand Totals
      2720        210        576         36       6244     264921   ELF Image Totals
      2720        210        576         36          0          0   ROM Totals

==============================================================================

    Total RO  Size (Code + RO Data)                 3296 (   3.22kB)
    Total RW  Size (RW Data + ZI Data)              6280 (   6.13kB)
    Total ROM Size (Code + RO Data + RW Data)       3332 (   3.25kB)

==============================================================================

